
There are no discarded input sections

Memory Configuration

Name             Origin             Length             Attributes
FLASH            0x08000000         0x00080000         xr
SRAM             0x20000000         0x00018000         xrw
*default*        0x00000000         0xffffffff

Linker script and memory map

LOAD main.o
LOAD startup.o
LOAD stm32f401xx_GPIO_driver.o

.text           0x08000000      0xba0
 *(.isr_vector)
 .isr_vector    0x08000000      0x190 startup.o
                0x08000000                vectors
 *(.text)
 .text          0x08000190       0x94 main.o
                0x08000190                main
                0x080001d8                Delay
                0x08000200                SysTick_Handler
 .text          0x08000224       0x90 startup.o
                0x08000224                RTC_Alarm_IRQHandler
                0x08000224                EXTI2_IRQHandler
                0x08000224                DebugMon_Handler
                0x08000224                SPI4_IRQHandler
                0x08000224                TIM1_CC_IRQHandler
                0x08000224                DMA2_Stream5_IRQHandler
                0x08000224                HardFault_Handler
                0x08000224                DMA1_Stream5_IRQHandler
                0x08000224                PVD_IRQHandler
                0x08000224                SDIO_IRQHandler
                0x08000224                TAMP_STAMP_IRQHandler
                0x08000224                PendSV_Handler
                0x08000224                NMI_Handler
                0x08000224                EXTI3_IRQHandler
                0x08000224                TIM1_UP_TIM10_IRQHandler
                0x08000224                I2C3_ER_IRQHandler
                0x08000224                EXTI0_IRQHandler
                0x08000224                I2C2_EV_IRQHandler
                0x08000224                DMA1_Stream2_IRQHandler
                0x08000224                FPU_IRQHandler
                0x08000224                UsageFault_Handler
                0x08000224                DMA2_Stream2_IRQHandler
                0x08000224                SPI1_IRQHandler
                0x08000224                TIM6_DAC_IRQHandler
                0x08000224                TIM1_BRK_TIM9_IRQHandler
                0x08000224                DMA2_Stream3_IRQHandler
                0x08000224                USART6_IRQHandler
                0x08000224                USART3_IRQHandler
                0x08000224                UART5_IRQHandler
                0x08000224                DMA2_Stream0_IRQHandler
                0x08000224                TIM4_IRQHandler
                0x08000224                I2C1_EV_IRQHandler
                0x08000224                DMA1_Stream6_IRQHandler
                0x08000224                DMA1_Stream1_IRQHandler
                0x08000224                UART4_IRQHandler
                0x08000224                TIM3_IRQHandler
                0x08000224                RCC_IRQHandler
                0x08000224                Default_Handler
                0x08000224                EXTI15_10_IRQHandler
                0x08000224                ADC_IRQHandler
                0x08000224                DMA1_Stream7_IRQHandler
                0x08000224                TIM7_IRQHandler
                0x08000224                TIM5_IRQHandler
                0x08000224                DMA2_Stream7_IRQHandler
                0x08000224                I2C3_EV_IRQHandler
                0x08000224                EXTI9_5_IRQHandler
                0x08000224                RTC_WKUP_IRQHandler
                0x08000224                SPI2_IRQHandler
                0x08000224                MemManage_Handler
                0x08000224                DMA1_Stream0_IRQHandler
                0x08000224                SVC_Handler
                0x08000224                EXTI4_IRQHandler
                0x08000224                WWDG_IRQHandler
                0x08000224                TIM2_IRQHandler
                0x08000224                OTG_FS_WKUP_IRQHandler
                0x08000224                TIM1_TRG_COM_TIM11_IRQHandler
                0x08000224                EXTI1_IRQHandler
                0x08000224                USART2_IRQHandler
                0x08000224                I2C2_ER_IRQHandler
                0x08000224                DMA2_Stream1_IRQHandler
                0x08000224                FLASH_IRQHandler
                0x08000224                DMA2_Stream4_IRQHandler
                0x08000224                BusFault_Handler
                0x08000224                USART1_IRQHandler
                0x08000224                OTG_FS_IRQHandler
                0x08000224                SPI3_IRQHandler
                0x08000224                DMA1_Stream4_IRQHandler
                0x08000224                I2C1_ER_IRQHandler
                0x08000224                FMC_IRQHandler
                0x08000224                DMA2_Stream6_IRQHandler
                0x08000224                DMA1_Stream3_IRQHandler
                0x0800022c                Reset_Handler
 .text          0x080002b4      0x8ec stm32f401xx_GPIO_driver.o
                0x080002b4                GPIO_peri_clk_control
                0x08000410                GPIO_init
                0x0800071c                GPIO_de_init
                0x08000834                GPIO_read_input_pin
                0x0800085c                GPIO_read_input_port
                0x08000874                GPIO_write_output_pin
                0x080008bc                GPIO_write_output_port
                0x080008d8                GPIO_toggle_output_pin
                0x08000900                GPIO_irq_interrupt_config
                0x08000a20                GPIO_irq_priority_config
                0x08000aa4                GPIO_irq_handling
                0x08000ae0                GPIO_lock_pin
 *(.rodata)
                0x08000ba0                        . = ALIGN (0x4)
                0x08000ba0                        _etext = .

.glue_7         0x08000ba0        0x0
 .glue_7        0x08000ba0        0x0 linker stubs

.glue_7t        0x08000ba0        0x0
 .glue_7t       0x08000ba0        0x0 linker stubs

.vfp11_veneer   0x08000ba0        0x0
 .vfp11_veneer  0x08000ba0        0x0 linker stubs

.v4_bx          0x08000ba0        0x0
 .v4_bx         0x08000ba0        0x0 linker stubs

.iplt           0x08000ba0        0x0
 .iplt          0x08000ba0        0x0 main.o

.rel.dyn        0x08000ba0        0x0
 .rel.iplt      0x08000ba0        0x0 main.o

.data           0x20000000        0x0 load address 0x08000ba0
                0x20000000                        _sdata = .
 *(.data)
 .data          0x20000000        0x0 main.o
 .data          0x20000000        0x0 startup.o
 .data          0x20000000        0x0 stm32f401xx_GPIO_driver.o
                0x20000000                        . = ALIGN (0x4)
                0x20000000                        _edata = .

.igot.plt       0x20000000        0x0 load address 0x08000ba0
 .igot.plt      0x20000000        0x0 main.o

.bss            0x20000000        0x4 load address 0x08000ba0
                0x20000000                        _sbss = .
 *(.bss)
 .bss           0x20000000        0x4 main.o
                0x20000000                time_delay
 .bss           0x20000004        0x0 startup.o
 .bss           0x20000004        0x0 stm32f401xx_GPIO_driver.o
 *(COMMON)
                0x20000004                        . = ALIGN (0x4)
                0x20000004                        _ebss = .
OUTPUT(blink.elf elf32-littlearm)
LOAD linker stubs

.comment        0x00000000       0x1e
 .comment       0x00000000       0x1e main.o
                                 0x1f (size before relaxing)
 .comment       0x0000001e       0x1f startup.o
 .comment       0x0000001e       0x1f stm32f401xx_GPIO_driver.o

.ARM.attributes
                0x00000000       0x2e
 .ARM.attributes
                0x00000000       0x2e main.o
 .ARM.attributes
                0x0000002e       0x2e startup.o
 .ARM.attributes
                0x0000005c       0x2e stm32f401xx_GPIO_driver.o
