
There are no discarded input sections

Memory Configuration

Name             Origin             Length             Attributes
FLASH            0x08000000         0x00080000         xr
SRAM             0x20000000         0x00018000         xrw
*default*        0x00000000         0xffffffff

Linker script and memory map

LOAD main.o
LOAD startup.o

.text           0x08000000      0x388
 *(.isr_vector)
 .isr_vector    0x08000000      0x190 startup.o
                0x08000000                vectors
 *(.text)
 .text          0x08000190      0x168 main.o
                0x08000190                main
                0x080001bc                GPIO_Clock_Enable
                0x080001e4                GPIO_Pin_Init_LED
                0x08000230                GPIO_Pin_Init_Button
                0x0800025c                wait_ms
                0x08000296                is_button_pressed
 .text          0x080002f8       0x90 startup.o
                0x080002f8                RTC_Alarm_IRQHandler
                0x080002f8                EXTI2_IRQHandler
                0x080002f8                DebugMon_Handler
                0x080002f8                SPI4_IRQHandler
                0x080002f8                TIM1_CC_IRQHandler
                0x080002f8                DMA2_Stream5_IRQHandler
                0x080002f8                HardFault_Handler
                0x080002f8                DMA1_Stream5_IRQHandler
                0x080002f8                SysTick_Handler
                0x080002f8                PVD_IRQHandler
                0x080002f8                SDIO_IRQHandler
                0x080002f8                TAMP_STAMP_IRQHandler
                0x080002f8                PendSV_Handler
                0x080002f8                NMI_Handler
                0x080002f8                EXTI3_IRQHandler
                0x080002f8                TIM1_UP_TIM10_IRQHandler
                0x080002f8                I2C3_ER_IRQHandler
                0x080002f8                EXTI0_IRQHandler
                0x080002f8                I2C2_EV_IRQHandler
                0x080002f8                DMA1_Stream2_IRQHandler
                0x080002f8                FPU_IRQHandler
                0x080002f8                UsageFault_Handler
                0x080002f8                DMA2_Stream2_IRQHandler
                0x080002f8                SPI1_IRQHandler
                0x080002f8                TIM6_DAC_IRQHandler
                0x080002f8                TIM1_BRK_TIM9_IRQHandler
                0x080002f8                DMA2_Stream3_IRQHandler
                0x080002f8                USART6_IRQHandler
                0x080002f8                USART3_IRQHandler
                0x080002f8                UART5_IRQHandler
                0x080002f8                DMA2_Stream0_IRQHandler
                0x080002f8                TIM4_IRQHandler
                0x080002f8                I2C1_EV_IRQHandler
                0x080002f8                DMA1_Stream6_IRQHandler
                0x080002f8                DMA1_Stream1_IRQHandler
                0x080002f8                UART4_IRQHandler
                0x080002f8                TIM3_IRQHandler
                0x080002f8                RCC_IRQHandler
                0x080002f8                Default_Handler
                0x080002f8                EXTI15_10_IRQHandler
                0x080002f8                ADC_IRQHandler
                0x080002f8                DMA1_Stream7_IRQHandler
                0x080002f8                TIM7_IRQHandler
                0x080002f8                TIM5_IRQHandler
                0x080002f8                DMA2_Stream7_IRQHandler
                0x080002f8                I2C3_EV_IRQHandler
                0x080002f8                EXTI9_5_IRQHandler
                0x080002f8                RTC_WKUP_IRQHandler
                0x080002f8                SPI2_IRQHandler
                0x080002f8                MemManage_Handler
                0x080002f8                DMA1_Stream0_IRQHandler
                0x080002f8                SVC_Handler
                0x080002f8                EXTI4_IRQHandler
                0x080002f8                WWDG_IRQHandler
                0x080002f8                TIM2_IRQHandler
                0x080002f8                OTG_FS_WKUP_IRQHandler
                0x080002f8                TIM1_TRG_COM_TIM11_IRQHandler
                0x080002f8                EXTI1_IRQHandler
                0x080002f8                USART2_IRQHandler
                0x080002f8                I2C2_ER_IRQHandler
                0x080002f8                DMA2_Stream1_IRQHandler
                0x080002f8                FLASH_IRQHandler
                0x080002f8                DMA2_Stream4_IRQHandler
                0x080002f8                BusFault_Handler
                0x080002f8                USART1_IRQHandler
                0x080002f8                OTG_FS_IRQHandler
                0x080002f8                SPI3_IRQHandler
                0x080002f8                DMA1_Stream4_IRQHandler
                0x080002f8                I2C1_ER_IRQHandler
                0x080002f8                FMC_IRQHandler
                0x080002f8                DMA2_Stream6_IRQHandler
                0x080002f8                DMA1_Stream3_IRQHandler
                0x08000300                Reset_Handler
 *(.rodata)
                0x08000388                        . = ALIGN (0x4)
                0x08000388                        _etext = .

.glue_7         0x08000388        0x0
 .glue_7        0x08000388        0x0 linker stubs

.glue_7t        0x08000388        0x0
 .glue_7t       0x08000388        0x0 linker stubs

.vfp11_veneer   0x08000388        0x0
 .vfp11_veneer  0x08000388        0x0 linker stubs

.v4_bx          0x08000388        0x0
 .v4_bx         0x08000388        0x0 linker stubs

.iplt           0x08000388        0x0
 .iplt          0x08000388        0x0 main.o

.rel.dyn        0x08000388        0x0
 .rel.iplt      0x08000388        0x0 main.o

.data           0x20000000        0x0 load address 0x08000388
                0x20000000                        _sdata = .
 *(.data)
 .data          0x20000000        0x0 main.o
 .data          0x20000000        0x0 startup.o
                0x20000000                        . = ALIGN (0x4)
                0x20000000                        _edata = .

.igot.plt       0x20000000        0x0 load address 0x08000388
 .igot.plt      0x20000000        0x0 main.o

.bss            0x20000000        0x0 load address 0x08000388
                0x20000000                        _sbss = .
 *(.bss)
 .bss           0x20000000        0x0 main.o
 .bss           0x20000000        0x0 startup.o
 *(COMMON)
                0x20000000                        . = ALIGN (0x4)
                0x20000000                        _ebss = .
OUTPUT(blink.elf elf32-littlearm)
LOAD linker stubs

.comment        0x00000000       0x1e
 .comment       0x00000000       0x1e main.o
                                 0x1f (size before relaxing)
 .comment       0x0000001e       0x1f startup.o

.ARM.attributes
                0x00000000       0x2e
 .ARM.attributes
                0x00000000       0x2e main.o
 .ARM.attributes
                0x0000002e       0x2e startup.o
